// Jest Snapshot v1, https://goo.gl/fbAQLP

exports[`<PageLayout /> should render and match the snapshot 1`] = `
<body>
  <div>
    <div
      class="makeStyles-root-1"
      data-testid="pageLayout"
    >
      <h1>
        Hello
      </h1>
    </div>
  </div>
</body>
`;
