// Jest Snapshot v1, https://goo.gl/fbAQLP

exports[`<DRButton /> should render and match the snapshot 1`] = `
<div>
  <h1
    data-testid="createPost-test"
  >
    createPost
  </h1>
</div>
`;
